vite v8.3.2 building client environment for production...
transforming...
✓ 2836 modules transformed.
rendering chunks...
computing gzip size...
dist/index.html                                          2.70 kB │ gzip:   0.96 kB
dist/assets/command-secondary-BFIN-khO.css               4.47 kB │ gzip:   1.30 kB
dist/assets/DashboardLayout-X_jvp-vQ.css                33.45 kB │ gzip:   6.90 kB
dist/assets/page-D1-xvp5j.css                           35.27 kB │ gzip:   7.25 kB
dist/assets/index-BL7_6Sya.css                         110.26 kB │ gzip:  20.17 kB
dist/assets/page-C0xZGCUN.js                             0.18 kB │ gzip:   0.16 kB
dist/assets/page-D3jxDqfk.js                             0.19 kB │ gzip:   0.18 kB
dist/assets/transportador-CQV1c5Ih.js                    0.49 kB │ gzip:   0.30 kB
dist/assets/useLocalStorageState-Bc8bzIQY.js             0.50 kB │ gzip:   0.31 kB
dist/assets/PermissionRoute-BCm7z2Vo.js                  0.54 kB │ gzip:   0.36 kB
dist/assets/useCurrentAccess-f25ojojX.js                 0.61 kB │ gzip:   0.40 kB
dist/assets/page-Bw76c40C.js                             0.63 kB │ gzip:   0.35 kB
dist/assets/currentAccessRepository-CQVxCpDz.js          0.68 kB │ gzip:   0.39 kB
dist/assets/AccessibleDialog-DckAa3sq.js                 0.69 kB │ gzip:   0.45 kB
dist/assets/DataReadNotice-Ba42LkHR.js                   0.77 kB │ gzip:   0.48 kB
dist/assets/FilterChips-BOQ3jDhx.js                      0.79 kB │ gzip:   0.43 kB
dist/assets/NotFound-wIpvboJ6.js                         0.79 kB │ gzip:   0.42 kB
dist/assets/useOperationalMode-BzwYQlRM.js               0.85 kB │ gzip:   0.48 kB
dist/assets/rolldown-runtime-B0Z9INg1.js                 0.90 kB │ gzip:   0.51 kB
dist/assets/useListasStore-CvPaZk-W.js                   0.95 kB │ gzip:   0.56 kB
dist/assets/usePropostasStore-BGW5XL6v.js                1.32 kB │ gzip:   0.68 kB
dist/assets/InfoTooltip-AR0KSqWh.js                      1.46 kB │ gzip:   0.81 kB
dist/assets/proposalPricing-OntNoV3J.js                  2.04 kB │ gzip:   0.95 kB
dist/assets/leadsRepository-DAx7-sKx.js                  2.19 kB │ gzip:   1.03 kB
dist/assets/leadStageRepository-CUvs0lGc.js              2.41 kB │ gzip:   1.07 kB
dist/assets/useNotificacoesStore-DGCwu6yW.js             2.54 kB │ gzip:   1.17 kB
dist/assets/useLeadsStore-CPpTT2ND.js                    2.66 kB │ gzip:   1.29 kB
dist/assets/useTarefasStore-DXykx-Ce.js                  2.68 kB │ gzip:   1.19 kB
dist/assets/operationalStatusPresentation-Ik2MKAgc.js    2.70 kB │ gzip:   1.20 kB
dist/assets/useFontesStore-E5EU4Lnu.js                   3.56 kB │ gzip:   1.58 kB
dist/assets/proposalsRepository-BHxH3TJ8.js              4.04 kB │ gzip:   1.69 kB
dist/assets/whatsappAccountsRepository-CrxwSUMB.js       4.35 kB │ gzip:   1.47 kB
dist/assets/useSavedViews-q42hAUdZ.js                    4.75 kB │ gzip:   1.57 kB
dist/assets/teamMembersRepository-CgH7NioE.js            4.98 kB │ gzip:   1.89 kB
dist/assets/useConfiguracaoStore-CxZ4JZ8k.js             5.05 kB │ gzip:   1.96 kB
dist/assets/commercialAnalytics-D0ZpS13h.js              5.17 kB │ gzip:   2.17 kB
dist/assets/operationalEntitiesRepository-KbO4ZwE8.js    5.66 kB │ gzip:   1.79 kB
dist/assets/useCommercialAnalytics-DDL9Hc1r.js           5.83 kB │ gzip:   2.51 kB
dist/assets/useTemplatesPropostaStore-CXA0yJDm.js        6.46 kB │ gzip:   2.32 kB
dist/assets/leadMapper-Cn4B5mlT.js                       7.18 kB │ gzip:   2.63 kB
dist/assets/page-CXRJwRQO.js                            19.22 kB │ gzip:   6.51 kB
dist/assets/CommercialAnalytics-BOTXCPVx.js             20.94 kB │ gzip:   6.86 kB
dist/assets/page-DllsTltJ.js                            22.40 kB │ gzip:   7.03 kB
dist/assets/DashboardLayout-BvOrM8PH.js                 23.83 kB │ gzip:   6.81 kB
dist/assets/purify.es-Bvo9QlJ8.js                       28.08 kB │ gzip:  11.08 kB
dist/assets/jspdf-autotable-RnaU_NS8.js                 29.70 kB │ gzip:   9.46 kB
dist/assets/WaAkgPanel-D1dSOBoM.js                      29.96 kB │ gzip:   8.59 kB
dist/assets/page-BKsYGJnz.js                            32.57 kB │ gzip:   7.75 kB
dist/assets/page-B6aAe0Od.js                            52.32 kB │ gzip:  13.67 kB
dist/assets/page-DRqA3hiU.js                            59.03 kB │ gzip:  14.50 kB
dist/assets/page-DJqOOjPy.js                            74.55 kB │ gzip:  18.19 kB
dist/assets/page-BXewebOg.js                            74.74 kB │ gzip:  19.73 kB
dist/assets/page-BMZXgk3T.js                            83.32 kB │ gzip:  18.52 kB
dist/assets/supabase-CTKVMx8q.js                       117.25 kB │ gzip:  31.47 kB
dist/assets/page-DqWySmTu.js                           119.85 kB │ gzip:  30.39 kB
dist/assets/index.es-DBdsv99G.js                       151.40 kB │ gzip:  48.89 kB
dist/assets/index-DPqSyXBx.js                          169.88 kB │ gzip:  47.28 kB
dist/assets/html2canvas-BtmRgldr.js                    199.48 kB │ gzip:  46.77 kB
dist/assets/react-CJKGi10S.js                          207.20 kB │ gzip:  64.94 kB
dist/assets/charts-CcmuwDCx.js                         334.92 kB │ gzip:  99.24 kB
dist/assets/page-BRQRqQBp.js                           394.71 kB │ gzip:  85.34 kB
dist/assets/jspdf-DM2bMs5t.js                          399.48 kB │ gzip: 129.81 kB

✓ built in 1.74s

STDERR
<script src="/runtime-config.js"> in "/index.html" can't be bundled without type="module" attribute
